node.exe : npm warn Unknown cli 
config "--testPathPattern". This 
will stop working in the next 
major version of npm.
At C:\Program 
Files\nodejs\npm.ps1:29 char:3
+   & $NODE_EXE $NPM_CLI_JS $args
+   ~~~~~~~~~~~~~~~~~~~~~~~~~~~~~
    + CategoryInfo          : Not 
   Specified: (npm warn Unknow..  
  .version of npm.:String) [],    
 RemoteException
    + FullyQualifiedErrorId : Nat 
   iveCommandError
 
npm warn Unknown cli config 
"--watchAll". This will stop 
working in the next major version 
of npm.
npm warn Unknown cli config 
"--testNamePattern". This will 
stop working in the next major 
version of npm.

> chess-app@0.1.0 test
> react-scripts test

No tests found related to files changed since last commit.


