node.exe : npm warn Unknown cli config "--watchAll". This 
will stop working in the next major version of npm.
At C:\Program Files\nodejs\npm.ps1:29 char:3
+   & $NODE_EXE $NPM_CLI_JS $args
+   ~~~~~~~~~~~~~~~~~~~~~~~~~~~~~
    + CategoryInfo          : NotSpecified: (npm warn Unknow. 
   ..version of npm.:String) [], RemoteException
    + FullyQualifiedErrorId : NativeCommandError
 

> chess-app@0.1.0 test
> react-scripts test src/Classes/Services/__tests__/PGNService.test.ts src/hooks/__tests__/useGameLogicVariants.test.ts

FAIL src/Classes/Services/__tests__/PGNService.test.ts
  ΓùÅ PGNService ΓÇ║ replays basic moves including castle 
capture

    expect(received).toBeGreaterThanOrEqual(expected)

    Expected: >= 3
    Received:    0

      34 |     
      35 |     // Should have history entries for the 
replayed moves (at least one per move)
    > 36 |     
expect(finalState.history.length).toBeGreaterThanOrEqual(3);
         |                                       ^
      37 |     
      38 |     // Castle at M11 (3,-1,-2) should be captured 
by white
      39 |     const m11Castle = finalState.castles.find(c => 

      at Object.<anonymous> 
(src/Classes/Services/__tests__/PGNService.test.ts:36:39)

FAIL src/hooks/__tests__/useGameLogicVariants.test.ts
  ΓùÅ useGameLogic Variants (Interactive Branching) ΓÇ║ 
should allow making a new move after stepping back in history

    expect(received).toBe(expected) // Object.is equality

    Expected: false
    Received: true

       99 |         
      100 |         // 7. Verification
    > 101 |         
expect(result.current.isAnalysisMode).toBe(false);
          |                                               ^
      102 |         // 
expect(result.current.viewMoveIndex).toBe(null); // Not 
exposed
      103 |         
      104 |         // History should now be LIVE.

      at Object.<anonymous> 
(src/hooks/__tests__/useGameLogicVariants.test.ts:101:47)

Test Suites: 2 failed, 2 total
Tests:       2 failed, 1 passed, 3 total
Snapshots:   0 total
Time:        4.547 s
Ran all test suites matching /src\\Classes\\Services\\__tests_
_\\PGNService.test.ts|src\\hooks\\__tests__\\useGameLogicVaria
nts.test.ts/i.

PASS src/Classes/Services/__tests__/PGNService.test.ts
FAIL src/hooks/__tests__/useGameLogicVariants.test.ts
  ΓùÅ useGameLogic Variants (Interactive Branching) ΓÇ║ 
should allow making a new move after stepping back in history

    expect(received).toBe(expected) // Object.is equality

    Expected: false
    Received: true

       99 |         
      100 |         // 7. Verification
    > 101 |         // We moved from history, so we should 
now be "Live" (viewNodeId=null)
          |                                               ^
      102 |         // isAnalysisMode remains true because it 
was enabled via prop
      103 |         
expect(result.current.isViewingHistory).toBe(false);
      104 |         // 
expect(result.current.viewMoveIndex).toBe(null); // Not 
exposed

      at Object.<anonymous> 
(src/hooks/__tests__/useGameLogicVariants.test.ts:101:47)

A worker process has failed to exit gracefully and has been 
force exited. This is likely caused by tests leaking due to 
improper teardown. Try running with --detectOpenHandles to 
find leaks. Active timers can also cause this, ensure that 
.unref() was called on them.
Test Suites: 1 failed, 1 passed, 2 total
Tests:       1 failed, 2 passed, 3 total
Snapshots:   0 total
Time:        7.231 s
Ran all test suites matching /src\\Classes\\Services\\__tests_
_\\PGNService.test.ts|src\\hooks\\__tests__\\useGameLogicVaria
nts.test.ts/i.

PASS src/Classes/Services/__tests__/PGNService.test.ts
FAIL src/hooks/__tests__/useGameLogicVariants.test.ts
  ΓùÅ useGameLogic Variants (Interactive Branching) ΓÇ║ 
should allow making a new move after stepping back in history

    expect(received).toBe(expected) // Object.is equality

    Expected: 1
    Received: 2

      109 |         // It consists of [NewBranchMove] (since 
we branched from Start).
      110 |         // Length 1.
    > 111 |         
expect(result.current.moveHistory.length).toBe(1);
          |                                                   
^
      112 |         
      113 |         const newBranchNotation = 
result.current.moveHistory[0].notation;
      114 |         expect(newBranchNotation).toBeDefined();

      at Object.<anonymous> 
(src/hooks/__tests__/useGameLogicVariants.test.ts:111:51)

Test Suites: 1 failed, 1 passed, 2 total
Tests:       1 failed, 2 passed, 3 total
Snapshots:   0 total
Time:        8.174 s
Ran all test suites matching /src\\Classes\\Services\\__tests_
_\\PGNService.test.ts|src\\hooks\\__tests__\\useGameLogicVaria
nts.test.ts/i.

PASS src/Classes/Services/__tests__/PGNService.test.ts (6.911 
s)
[0;33mOne of your dependencies, babel-preset-react-app, is 
importing the
"@babel/plugin-proposal-private-property-in-object" package 
without
declaring it in its dependencies. This is currently working 
because
"@babel/plugin-proposal-private-property-in-object" is 
already in your
node_modules folder for unrelated reasons, but it [1mmay 
break at any time[0;33m.

babel-preset-react-app is part of the create-react-app 
project, [1mwhich
is not maintianed anymore[0;33m. It is thus unlikely that 
this bug will
ever be fixed. Add 
"@babel/plugin-proposal-private-property-in-object" to
your devDependencies to work around this error. This will 
make this message
go away.[0m
  
PASS src/hooks/__tests__/useGameLogicVariants.test.ts (16.111 
s)

Test Suites: 2 passed, 2 total
Tests:       3 passed, 3 total
Snapshots:   0 total
Time:        23.742 s
Ran all test suites matching /src\\Classes\\Services\\__tests_
_\\PGNService.test.ts|src\\hooks\\__tests__\\useGameLogicVaria
nts.test.ts/i.

PASS src/Classes/Services/__tests__/PGNService.test.ts
PASS src/hooks/__tests__/useGameLogicVariants.test.ts

Test Suites: 2 passed, 2 total
Tests:       3 passed, 3 total
Snapshots:   0 total
Time:        6.429 s
Ran all test suites matching /src\\Classes\\Services\\__tests_
_\\PGNService.test.ts|src\\hooks\\__tests__\\useGameLogicVaria
nts.test.ts/i.

