src/Classes/Systems/__tests__/StateValidator.test.ts(5,26): error TS2724: '"../StateValidator"' has no exported member named 'StateValidationResult'. Did you mean 'StateValidator'?
